Excluding tags: [:test]
Including tags: [location: {"test/you_congress_web/live/voting_live_search_test.exs", 9}]

HIGHLIGHT PARTS: ["", "AI", " Safety Bill"]
HIGHLIGHT PARTS: ["", "AI", " Safety Bill"]


  1) test VotingLive search via URL params renders search results when search param is present (YouCongressWeb.VotingLiveSearchTest)
     test/you_congress_web/live/voting_live_search_test.exs:9
     Assertion with =~ failed
     code:  assert html =~ "<b>AI</b> Safety Bill"
     left:  "<html lang=\"en\" class=\"[scrollbar-gutter:stable]\"><head><meta charset=\"utf-8\"/><meta name=\"viewport\" content=\"width=device-width, initial-scale=1\"/><meta name=\"csrf-token\" content=\"UANuJAAjQQIrKAgfLjAKQBNfcgcPIgMNbY8QiHwIhC9NLhYqu9ETXKgG\"/><title>AI Safety &amp; Governance liquid democracy polls with verifiable quotes | YouCongress</title><meta content=\"AI Safety &amp; Governance liquid democracy polls with verifiable quotes | YouCongress\" property=\"og:title\"/><meta name=\"description\" content=\"We gather verifiable quotes and use liquid democracy to surface alignment on AI governance.\"/><meta content=\"We gather verifiable quotes and use liquid democracy to surface alignment on AI governance.\" property=\"og:description\"/><link phx-track-static=\"\" rel=\"stylesheet\" href=\"/assets/app.css\"/><script defer=\"\" phx-track-static=\"\" type=\"text/javascript\" src=\"/assets/app.js\"></script></head><body class=\"bg-white antialiased\"><div id=\"phx-GIUqBashqFSXlgRD\" data-phx-main=\"\" data-phx-session=\"SFMyNTY.g2gDaAJhBnQAAAAIdwJpZG0AAAAUcGh4LUdJVXFCYXNocUZTWGxnUkR3B3Nlc3Npb250AAAAAHcGcm91dGVydxxFbGl4aXIuWW91Q29uZ3Jlc3NXZWIuUm91dGVydwpwYXJlbnRfcGlkdwNuaWx3BHZpZXd3JEVsaXhpci5Zb3VDb25ncmVzc1dlYi5Ib21lTGl2ZS5JbmRleHcIcm9vdF9waWR3A25pbHcJcm9vdF92aWV3dyRFbGl4aXIuWW91Q29uZ3Jlc3NXZWIuSG9tZUxpdmUuSW5kZXh3EWxpdmVfc2Vzc2lvbl9uYW1ldwdkZWZhdWx0bgYAXbtWYZsBYgABUYA.o_hPSysO-0A5n9sWSlWTTM4xzzuovaqh_wbm5czIQuE\" data-phx-static=\"SFMyNTY.g2gDaAJhBnQAAAADdwJpZG0AAAAUcGh4LUdJVXFCYXNocUZTWGxnUkR3BWZsYXNodAAAAAB3CmFzc2lnbl9uZXdqbgYAXrtWYZsBYgABUYA.0uHrvMsEn-kOuyOd3zzngPFoNelbvlmyoSI5jcURJiU\"><header class=\"px-4 sm:px-6 lg:px-8\"><div class=\"flex items-center justify-between border-b border-zinc-100 py-3 text-sm\"><div class=\"flex items-center gap-4\"><a href=\"/\" class=\"text-lg font-semibold\">\n        YouCongress\n      </a></div><!-- Desktop Navigation --><div class=\"hidden md:flex text-sm items-center gap-6 leading-6 text-zinc-900\"><a href=\"/about\" class=\"px-3 py-2 hover:text-zinc-700 transition-colors\">\n        About\n      </a><a href=\"/sign_up\" class=\"px-3 py-2 bg-zinc-900 text-white rounded-md hover:bg-zinc-700 transition-colors\">\n          Sign up\n        </a></div><!-- Mobile Navigation (Optimized Touch Targets) --><div class=\"md:hidden flex flex-col items-end gap-3 text-sm\"><div class=\"flex items-center gap-4\"><a href=\"/about\" class=\"px-1 py-3 text-zinc-900 hover:text-zinc-700 hover:bg-zinc-50 rounded-md transition-colors min-w-[44px] text-center\">\n          About\n        </a><a href=\"/sign_up\" class=\"px-1 py-3 rounded-md hover:bg-zinc-700 transition-colors min-w-[44px] text-center\">\n            Sign up\n          </a></div></div></div></header><main class=\"px-4 py-6 sm:px-6 lg:px-8\"><div class=\"mx-auto max-w-4xl\"><div id=\"client-error\" phx-click=\"[[&quot;push&quot;,{&quot;value&quot;:{&quot;key&quot;:&quot;error&quot;},&quot;event&quot;:&quot;lv:clear-flash&quot;}],[&quot;hide&quot;,{&quot;time&quot;:200,&quot;to&quot;:&quot;#client-error&quot;,&quot;transition&quot;:[[&quot;transition-all&quot;,&quot;transform&quot;,&quot;ease-in&quot;,&quot;duration-200&quot;],[&quot;opacity-100&quot;,&quot;translate-y-0&quot;,&quot;sm:scale-100&quot;],[&quot;opacity-0&quot;,&quot;translate-y-4&quot;,&quot;sm:translate-y-0&quot;,&quot;sm:scale-95&quot;]]}]]\" role=\"alert\" class=\"fixed mt-28 top-2 right-2 w-80 sm:w-96 z-50 rounded-lg p-3 ring-1 bg-rose-50 text-rose-900 shadow-md ring-rose-500 fill-rose-900\" hidden=\"\" phx-connected=\"[[&quot;hide&quot;,{&quot;time&quot;:200,&quot;to&quot;:&quot;#client-error&quot;,&quot;transition&quot;:[[&quot;transition-all&quot;,&quot;transform&quot;,&quot;ease-in&quot;,&quot;duration-200&quot;],[&quot;opacity-100&quot;,&quot;translate-y-0&quot;,&quot;sm:scale-100&quot;],[&quot;opacity-0&quot;,&quot;translate-y-4&quot;,&quot;sm:translate-y-0&quot;,&quot;sm:scale-95&quot;]]}]]\" phx-disconnected=\"[[&quot;show&quot;,{&quot;to&quot;:&quot;.phx-client-error #client-error&quot;,&quot;transition&quot;:[[&quot;transition-all&quot;,&quot;transform&quot;,&quot;ease-out&quot;,&quot;duration-300&quot;],[&quot;opacity-0&quot;,&quot;translate-y-4&quot;,&quot;s" <> ...
     right: "<b>AI</b> Safety Bill"
     stacktrace:
       test/you_congress_web/live/voting_live_search_test.exs:15: (test)


Finished in 0.2 seconds (0.00s async, 0.2s sync)
4 tests, 1 failure, 3 excluded

Randomized with seed 491872
